
> portfolio@0.1.0 build
> next build

??Next.js 16.1.6 (Turbopack)
- Environments: .env.local

  Creating an optimized production build ...
node.exe : 
位於 線路:1 字元:1
+ & "C:\Program Files\nodejs/node.
exe" "C:\Program Files\nodejs/node
_mo ...
+ ~~~~~~~~~~~~~~~~~~~~~~~~~~~~~~~~
~~~~~~~~~~~~~~~~~~~~~~~~~~~~~~~~~~
~~~
    + CategoryInfo          : Not 
   Specified: (:String) [], Remo  
  teException
    + FullyQualifiedErrorId : Nat 
   iveCommandError
 
> Build error occurred
Error: Turbopack build failed with
 1 errors:
./src/app/api/delete-image/route.t
s:2:1
Export R2_BUCKET_NAME doesn't exis
t in target module
[0m [90m 1 |[39m [36mimport[3
9m { [33mNextRequest[39m[33m,[
39m [33mNextResponse[39m } [36m
from[39m [32m"next/server"[39m
[33m;[39m
[31m[1m>[22m[39m[90m 2 |[39m
 [36mimport[39m { r2Client[33m,
[39m [33mR2_BUCKET_NAME[39m[33
m,[39m [33mR2_PUBLIC_DOMAIN[39m
 } [36mfrom[39m [32m"@/lib/r2"
[39m[33m;[39m
 [90m   |[39m [31m[1m^[22m[3
9m[31m[1m^[22m[39m[31m[1m^[
22m[39m[31m[1m^[22m[39m[31m
[1m^[22m[39m[31m[1m^[22m[39m
[31m[1m^[22m[39m[31m[1m^[22
m[39m[31m[1m^[22m[39m[31m[1
m^[22m[39m[31m[1m^[22m[39m[
31m[1m^[22m[39m[31m[1m^[22m
[39m[31m[1m^[22m[39m[31m[1m^
[22m[39m[31m[1m^[22m[39m[31
m[1m^[22m[39m[31m[1m^[22m[3
9m[31m[1m^[22m[39m[31m[1m^[
22m[39m[31m[1m^[22m[39m[31m
[1m^[22m[39m[31m[1m^[22m[39m
[31m[1m^[22m[39m[31m[1m^[22
m[39m[31m[1m^[22m[39m[31m[1
m^[22m[39m[31m[1m^[22m[39m[
31m[1m^[22m[39m[31m[1m^[22m
[39m[31m[1m^[22m[39m[31m[1m^
[22m[39m[31m[1m^[22m[39m[31
m[1m^[22m[39m[31m[1m^[22m[3
9m[31m[1m^[22m[39m[31m[1m^[
22m[39m[31m[1m^[22m[39m[31m
[1m^[22m[39m[31m[1m^[22m[39m
[31m[1m^[22m[39m[31m[1m^[22
m[39m[31m[1m^[22m[39m[31m[1
m^[22m[39m[31m[1m^[22m[39m[
31m[1m^[22m[39m[31m[1m^[22m
[39m[31m[1m^[22m[39m[31m[1m^
[22m[39m[31m[1m^[22m[39m[31
m[1m^[22m[39m[31m[1m^[22m[3
9m[31m[1m^[22m[39m[31m[1m^[
22m[39m[31m[1m^[22m[39m[31m
[1m^[22m[39m[31m[1m^[22m[39m
[31m[1m^[22m[39m[31m[1m^[22
m[39m[31m[1m^[22m[39m[31m[1
m^[22m[39m[31m[1m^[22m[39m[
31m[1m^[22m[39m[31m[1m^[22m
[39m[31m[1m^[22m[39m[31m[1m^
[22m[39m[31m[1m^[22m[39m[31
m[1m^[22m[39m[31m[1m^[22m[3
9m[31m[1m^[22m[39m
 [90m 3 |[39m [36mimport[39m {
 [33mDeleteObjectCommand[39m } 
[36mfrom[39m [32m"@aws-sdk/clien
t-s3"[39m[33m;[39m
 [90m 4 |[39m [36mimport[39m {
 verifyAdminAuth } [36mfrom[39m 
[32m"@/lib/auth-middleware"[39m
[33m;[39m
 [90m 5 |[39m[0m

The export R2_BUCKET_NAME was not 
found in module [project]/src/lib/
r2.ts [app-route] (ecmascript).
Did you mean to import r2Client?
All exports of the module are stat
ically known (It doesn't have dyna
mic exports). So it's known static
ally that the requested export doe
sn't exist.


    at <unknown> (./src/app/api/de
lete-image/route.ts:2:1)
